// Jest Snapshot v1, https://goo.gl/fbAQLP

exports[`<Footer /> renders the <Footer /> with populated data 1`] = `
<div
  class="footer__Container-eh6b4z-0 kpqbmQ"
>
  <p
    class="footer__Title-eh6b4z-4 dQKxha"
  >
    Questions?
  </p>
  <p
    class="footer__Break-eh6b4z-6 hHvrrV"
  />
  <div
    class="footer__Row-eh6b4z-2 khVTlG"
  >
    <div
      class="footer__Column-eh6b4z-1 aKanr"
    >
      <a
        class="footer__Link-eh6b4z-3 kWqRKg"
        href="#"
      >
        FAQ
      </a>
      <a
        class="footer__Link-eh6b4z-3 kWqRKg"
        href="#"
      >
        Investor Relations
      </a>
      <a
        class="footer__Link-eh6b4z-3 kWqRKg"
        href="#"
      >
        Ways to Watch
      </a>
      <a
        class="footer__Link-eh6b4z-3 kWqRKg"
        href="#"
      >
        More information
      </a>
      <a
        class="footer__Link-eh6b4z-3 kWqRKg"
        href="#"
      >
        Netflix Originals
      </a>
    </div>
    <div
      class="footer__Column-eh6b4z-1 aKanr"
    >
      <a
        class="footer__Link-eh6b4z-3 kWqRKg"
        href="#"
      >
        Help
      </a>
      <a
        class="footer__Link-eh6b4z-3 kWqRKg"
        href="#"
      >
        Jobs
      </a>
      <a
        class="footer__Link-eh6b4z-3 kWqRKg"
        href="#"
      >
        Terms of Use
      </a>
      <a
        class="footer__Link-eh6b4z-3 kWqRKg"
        href="#"
      >
        Contact us
      </a>
    </div>
    <div
      class="footer__Column-eh6b4z-1 aKanr"
    >
      <a
        class="footer__Link-eh6b4z-3 kWqRKg"
        href="#"
      >
        Account
      </a>
      <a
        class="footer__Link-eh6b4z-3 kWqRKg"
        href="#"
      >
        Gift Cards 
      </a>
      <a
        class="footer__Link-eh6b4z-3 kWqRKg"
        href="#"
      >
        Privacy
      </a>
      <a
        class="footer__Link-eh6b4z-3 kWqRKg"
        href="#"
      >
        Legal Notices
      </a>
    </div>
    <div
      class="footer__Column-eh6b4z-1 aKanr"
    >
      <a
        class="footer__Link-eh6b4z-3 kWqRKg"
        href="#"
      >
        Events
      </a>
      <a
        class="footer__Link-eh6b4z-3 kWqRKg"
        href="#"
      >
        New Films
      </a>
      <a
        class="footer__Link-eh6b4z-3 kWqRKg"
        href="#"
      >
        Top 100
      </a>
      <a
        class="footer__Link-eh6b4z-3 kWqRKg"
        href="#"
      >
        Our Products
      </a>
    </div>
  </div>
  <p
    class="footer__Break-eh6b4z-6 hHvrrV"
  />
  <p
    class="footer__Text-eh6b4z-5 hIxdYT"
  >
    Netflix United Kingdom
  </p>
</div>
`;
